// Jest Snapshot v1, https://goo.gl/fbAQLP

exports[`NumberNumberTypeHandler API createElement should create a number string input element 1`] = `

<input name="fieldName"
       type="number"
       value="101"
       data-setting-name="fieldName"
       data-setting-type="number:number"
>

`;

exports[`NumberNumberTypeHandler API setValue should set the value for a self-created element 1`] = `

<input name="fieldName"
       type="number"
       value="101"
       data-setting-name="fieldName"
       data-setting-type="number:number"
>

`;

exports[`NumberNumberTypeHandler API setValue should set the value for a self-created element 2`] = `

<input name="fieldName"
       type="number"
       value="101"
       data-setting-name="fieldName"
       data-setting-type="number:number"
>

`;
