// Jest Snapshot v1, https://goo.gl/fbAQLP

exports[`StringPasswordTypeHandler API createElement should create a text string input element 1`] = `

<input name="fieldName"
       type="password"
>

`;

exports[`StringPasswordTypeHandler API setValue should set the value for a self-created element 1`] = `

<input name="fieldName"
       type="password"
>

`;

exports[`StringPasswordTypeHandler API setValue should set the value for a self-created element 2`] = `

<input name="fieldName"
       type="password"
>

`;
