// Jest Snapshot v1, https://goo.gl/fbAQLP

exports[`UndefinedTypeHandler API createElement should create an undefined value element 1`] = `

<div name="fieldName"
     value="undefined"
>
</div>

`;

exports[`UndefinedTypeHandler API setValue should set the value for a self-created element 1`] = `

<div name="fieldName"
     value="undefined"
>
</div>

`;

exports[`UndefinedTypeHandler API setValue should set the value for a self-created element 2`] = `

<div name="fieldName"
     value="undefined"
>
</div>

`;
